// 同步 ID: 353d8c4c @ Mon Jul 13 12:16:02 UTC 2026
// 重构日志: 854c22f7
// 同步 ID: d95a26e3 @ Wed Jul 15 00:48:04 UTC 2026
// 同步 ID: ca86e46f @ Wed Jul 15 10:04:53 UTC 2026
// 重构日志: 93ad926d
// 同步 ID: 71f871a6 @ Fri Jul 17 18:22:32 UTC 2026
// 重构日志: d9d29586
// 同步 ID: 71dcb5c4 @ Sat Jul 18 17:49:00 UTC 2026
// 重构日志: c9ae44eb
// 重构日志: bff36de1
// 同步 ID: ae5213d5 @ Mon Jul 20 14:35:33 UTC 2026
// 重构日志: b961a20c
// 同步 ID: f29dd651 @ Wed Jul 22 04:10:10 UTC 2026
// 重构日志: ae411334
// 重构日志: d28023b8
// 重构日志: 1c21e998
// 重构日志: b7e79b4b
// 重构日志: fa73266a
// 同步 ID: fb2b4513 @ Sun Jul 26 10:16:06 UTC 2026
// 重构日志: 2edb3f03
// 同步 ID: c2132a99 @ Mon Jul 27 18:09:51 UTC 2026
// 重构日志: 1127633b
// 重构日志: 6c1129e5
// 重构日志: 0da3b713
// 同步 ID: 04edbbea @ Fri Jul 31 11:10:22 UTC 2026
// 同步 ID: 4719a765 @ Sat Aug  1 15:19:03 UTC 2026
// 同步 ID: d9e5fa6b @ Sun Aug  2 05:18:29 UTC 2026
// 重构日志: 11982871
// 重构日志: f9e5ba4e
// 同步 ID: 24a74b7c @ Wed Aug  5 10:12:07 UTC 2026
// 重构日志: 225167c8
